// Jest Snapshot v1, https://goo.gl/fbAQLP

exports[`SwapRouter gas tests #exactInput 0 -> 1 -> 2 1`] = `568300`;

exports[`SwapRouter gas tests #exactInput 0 -> 1 1`] = `404237`;

exports[`SwapRouter gas tests #exactInput 0 -> 1 minimal 1`] = `365726`;

exports[`SwapRouter gas tests #exactInput 0 -> WETH9 1`] = `453960`;

exports[`SwapRouter gas tests #exactInput 2 trades (directly to sender) 1`] = `588786`;

exports[`SwapRouter gas tests #exactInput 2 trades (via router) 1`] = `602989`;

exports[`SwapRouter gas tests #exactInput 3 trades (directly to sender) 1`] = `784271`;

exports[`SwapRouter gas tests #exactInput WETH9 -> 0 1`] = `430636`;

exports[`SwapRouter gas tests #exactInputSingle 0 -> 1 1`] = `403592`;

exports[`SwapRouter gas tests #exactInputSingle 0 -> WETH9 1`] = `453735`;

exports[`SwapRouter gas tests #exactInputSingle WETH9 -> 0 1`] = `430305`;

exports[`SwapRouter gas tests #exactOutput 0 -> 1 -> 2 1`] = `561277`;

exports[`SwapRouter gas tests #exactOutput 0 -> 1 1`] = `409217`;

exports[`SwapRouter gas tests #exactOutput 0 -> WETH9 1`] = `459383`;

exports[`SwapRouter gas tests #exactOutput WETH9 -> 0 1`] = `445144`;

exports[`SwapRouter gas tests #exactOutputSingle 0 -> 1 1`] = `408671`;

exports[`SwapRouter gas tests #exactOutputSingle 0 -> WETH9 1`] = `458837`;

exports[`SwapRouter gas tests #exactOutputSingle WETH9 -> 0 1`] = `438978`;
